⚠ v2 migration file not found: 20260610_v2_concepts.sql
⚠ v2 migration file not found: 20260610_v2_audit.sql
⚠ v2 migration file not found: 20260610_validation_mode.sql
[SubmissionQueue] Redis connection error: 
[SubmissionQueue] Redis unavailable, falling back to sync: 
[AutoClose] Error processing exercises for auto-close: Error: connect ECONNREFUSED 127.0.0.1:5433
    at C:\Users\Rokhai\CodeInsight-V2\backend\node_modules\pg-pool\index.js:45:11
    at process.processTicksAndRejections (node:internal/process/task_queues:104:5)
    at async processExercisesForAutoClose (C:\Users\Rokhai\CodeInsight-V2\backend\services\autoCloseService.js:40:26)
    at async Job.job (C:\Users\Rokhai\CodeInsight-V2\backend\services\autoCloseService.js:22:7) {
  errno: -4078,
  code: 'ECONNREFUSED',
  syscall: 'connect',
  address: '127.0.0.1',
  port: 5433
}
[AutoClose] Error processing exercises for auto-close: Error: connect ECONNREFUSED 127.0.0.1:5433
    at C:\Users\Rokhai\CodeInsight-V2\backend\node_modules\pg-pool\index.js:45:11
    at process.processTicksAndRejections (node:internal/process/task_queues:104:5)
    at async processExercisesForAutoClose (C:\Users\Rokhai\CodeInsight-V2\backend\services\autoCloseService.js:40:26)
    at async Job.job (C:\Users\Rokhai\CodeInsight-V2\backend\services\autoCloseService.js:22:7) {
  errno: -4078,
  code: 'ECONNREFUSED',
  syscall: 'connect',
  address: '127.0.0.1',
  port: 5433
}
[AutoClose] Error processing exercises for auto-close: Error: connect ECONNREFUSED 127.0.0.1:5433
    at C:\Users\Rokhai\CodeInsight-V2\backend\node_modules\pg-pool\index.js:45:11
    at process.processTicksAndRejections (node:internal/process/task_queues:104:5)
    at async processExercisesForAutoClose (C:\Users\Rokhai\CodeInsight-V2\backend\services\autoCloseService.js:40:26)
    at async Job.job (C:\Users\Rokhai\CodeInsight-V2\backend\services\autoCloseService.js:22:7) {
  errno: -4078,
  code: 'ECONNREFUSED',
  syscall: 'connect',
  address: '127.0.0.1',
  port: 5433
}
[AutoClose] Error processing exercises for auto-close: Error: connect ECONNREFUSED 127.0.0.1:5433
    at C:\Users\Rokhai\CodeInsight-V2\backend\node_modules\pg-pool\index.js:45:11
    at process.processTicksAndRejections (node:internal/process/task_queues:104:5)
    at async processExercisesForAutoClose (C:\Users\Rokhai\CodeInsight-V2\backend\services\autoCloseService.js:40:26)
    at async Job.job (C:\Users\Rokhai\CodeInsight-V2\backend\services\autoCloseService.js:22:7) {
  errno: -4078,
  code: 'ECONNREFUSED',
  syscall: 'connect',
  address: '127.0.0.1',
  port: 5433
}
[AutoClose] Error processing exercises for auto-close: Error: connect ECONNREFUSED 127.0.0.1:5433
    at C:\Users\Rokhai\CodeInsight-V2\backend\node_modules\pg-pool\index.js:45:11
    at process.processTicksAndRejections (node:internal/process/task_queues:104:5)
    at async processExercisesForAutoClose (C:\Users\Rokhai\CodeInsight-V2\backend\services\autoCloseService.js:40:26)
    at async Job.job (C:\Users\Rokhai\CodeInsight-V2\backend\services\autoCloseService.js:22:7) {
  errno: -4078,
  code: 'ECONNREFUSED',
  syscall: 'connect',
  address: '127.0.0.1',
  port: 5433
}
[AutoClose] Error processing exercises for auto-close: Error: connect ECONNREFUSED 127.0.0.1:5433
    at C:\Users\Rokhai\CodeInsight-V2\backend\node_modules\pg-pool\index.js:45:11
    at process.processTicksAndRejections (node:internal/process/task_queues:104:5)
    at async processExercisesForAutoClose (C:\Users\Rokhai\CodeInsight-V2\backend\services\autoCloseService.js:40:26)
    at async Job.job (C:\Users\Rokhai\CodeInsight-V2\backend\services\autoCloseService.js:22:7) {
  errno: -4078,
  code: 'ECONNREFUSED',
  syscall: 'connect',
  address: '127.0.0.1',
  port: 5433
}
[AutoClose] Error processing exercises for auto-close: Error: connect ECONNREFUSED 127.0.0.1:5433
    at C:\Users\Rokhai\CodeInsight-V2\backend\node_modules\pg-pool\index.js:45:11
    at process.processTicksAndRejections (node:internal/process/task_queues:104:5)
    at async processExercisesForAutoClose (C:\Users\Rokhai\CodeInsight-V2\backend\services\autoCloseService.js:40:26)
    at async Job.job (C:\Users\Rokhai\CodeInsight-V2\backend\services\autoCloseService.js:22:7) {
  errno: -4078,
  code: 'ECONNREFUSED',
  syscall: 'connect',
  address: '127.0.0.1',
  port: 5433
}
[AutoClose] Error processing exercises for auto-close: Error: connect ECONNREFUSED 127.0.0.1:5433
    at C:\Users\Rokhai\CodeInsight-V2\backend\node_modules\pg-pool\index.js:45:11
    at process.processTicksAndRejections (node:internal/process/task_queues:104:5)
    at async processExercisesForAutoClose (C:\Users\Rokhai\CodeInsight-V2\backend\services\autoCloseService.js:40:26)
    at async Job.job (C:\Users\Rokhai\CodeInsight-V2\backend\services\autoCloseService.js:22:7) {
  errno: -4078,
  code: 'ECONNREFUSED',
  syscall: 'connect',
  address: '127.0.0.1',
  port: 5433
}
[AutoClose] Error processing exercises for auto-close: Error: connect ECONNREFUSED 127.0.0.1:5433
    at C:\Users\Rokhai\CodeInsight-V2\backend\node_modules\pg-pool\index.js:45:11
    at process.processTicksAndRejections (node:internal/process/task_queues:104:5)
    at async processExercisesForAutoClose (C:\Users\Rokhai\CodeInsight-V2\backend\services\autoCloseService.js:40:26)
    at async Job.job (C:\Users\Rokhai\CodeInsight-V2\backend\services\autoCloseService.js:22:7) {
  errno: -4078,
  code: 'ECONNREFUSED',
  syscall: 'connect',
  address: '127.0.0.1',
  port: 5433
}
[AutoClose] Error processing exercises for auto-close: Error: connect ECONNREFUSED 127.0.0.1:5433
    at C:\Users\Rokhai\CodeInsight-V2\backend\node_modules\pg-pool\index.js:45:11
    at process.processTicksAndRejections (node:internal/process/task_queues:104:5)
    at async processExercisesForAutoClose (C:\Users\Rokhai\CodeInsight-V2\backend\services\autoCloseService.js:40:26)
    at async Job.job (C:\Users\Rokhai\CodeInsight-V2\backend\services\autoCloseService.js:22:7) {
  errno: -4078,
  code: 'ECONNREFUSED',
  syscall: 'connect',
  address: '127.0.0.1',
  port: 5433
}
[AutoClose] Error processing exercises for auto-close: Error: connect ECONNREFUSED 127.0.0.1:5433
    at C:\Users\Rokhai\CodeInsight-V2\backend\node_modules\pg-pool\index.js:45:11
    at process.processTicksAndRejections (node:internal/process/task_queues:104:5)
    at async processExercisesForAutoClose (C:\Users\Rokhai\CodeInsight-V2\backend\services\autoCloseService.js:40:26)
    at async Job.job (C:\Users\Rokhai\CodeInsight-V2\backend\services\autoCloseService.js:22:7) {
  errno: -4078,
  code: 'ECONNREFUSED',
  syscall: 'connect',
  address: '127.0.0.1',
  port: 5433
}
[AutoClose] Error processing exercises for auto-close: Error: connect ECONNREFUSED 127.0.0.1:5433
    at C:\Users\Rokhai\CodeInsight-V2\backend\node_modules\pg-pool\index.js:45:11
    at process.processTicksAndRejections (node:internal/process/task_queues:104:5)
    at async processExercisesForAutoClose (C:\Users\Rokhai\CodeInsight-V2\backend\services\autoCloseService.js:40:26)
    at async Job.job (C:\Users\Rokhai\CodeInsight-V2\backend\services\autoCloseService.js:22:7) {
  errno: -4078,
  code: 'ECONNREFUSED',
  syscall: 'connect',
  address: '127.0.0.1',
  port: 5433
}
[AutoClose] Error processing exercises for auto-close: Error: connect ECONNREFUSED 127.0.0.1:5433
    at C:\Users\Rokhai\CodeInsight-V2\backend\node_modules\pg-pool\index.js:45:11
    at process.processTicksAndRejections (node:internal/process/task_queues:104:5)
    at async processExercisesForAutoClose (C:\Users\Rokhai\CodeInsight-V2\backend\services\autoCloseService.js:40:26)
    at async Job.job (C:\Users\Rokhai\CodeInsight-V2\backend\services\autoCloseService.js:22:7) {
  errno: -4078,
  code: 'ECONNREFUSED',
  syscall: 'connect',
  address: '127.0.0.1',
  port: 5433
}
[AutoClose] Error processing exercises for auto-close: Error: connect ECONNREFUSED 127.0.0.1:5433
    at C:\Users\Rokhai\CodeInsight-V2\backend\node_modules\pg-pool\index.js:45:11
    at process.processTicksAndRejections (node:internal/process/task_queues:104:5)
    at async processExercisesForAutoClose (C:\Users\Rokhai\CodeInsight-V2\backend\services\autoCloseService.js:40:26)
    at async Job.job (C:\Users\Rokhai\CodeInsight-V2\backend\services\autoCloseService.js:22:7) {
  errno: -4078,
  code: 'ECONNREFUSED',
  syscall: 'connect',
  address: '127.0.0.1',
  port: 5433
}
[AutoClose] Error processing exercises for auto-close: Error: connect ECONNREFUSED 127.0.0.1:5433
    at C:\Users\Rokhai\CodeInsight-V2\backend\node_modules\pg-pool\index.js:45:11
    at process.processTicksAndRejections (node:internal/process/task_queues:104:5)
    at async processExercisesForAutoClose (C:\Users\Rokhai\CodeInsight-V2\backend\services\autoCloseService.js:40:26)
    at async Job.job (C:\Users\Rokhai\CodeInsight-V2\backend\services\autoCloseService.js:22:7) {
  errno: -4078,
  code: 'ECONNREFUSED',
  syscall: 'connect',
  address: '127.0.0.1',
  port: 5433
}
[AutoClose] Error processing exercises for auto-close: Error: connect ECONNREFUSED 127.0.0.1:5433
    at C:\Users\Rokhai\CodeInsight-V2\backend\node_modules\pg-pool\index.js:45:11
    at process.processTicksAndRejections (node:internal/process/task_queues:104:5)
    at async processExercisesForAutoClose (C:\Users\Rokhai\CodeInsight-V2\backend\services\autoCloseService.js:40:26)
    at async Job.job (C:\Users\Rokhai\CodeInsight-V2\backend\services\autoCloseService.js:22:7) {
  errno: -4078,
  code: 'ECONNREFUSED',
  syscall: 'connect',
  address: '127.0.0.1',
  port: 5433
}
[AutoClose] Error processing exercises for auto-close: Error: connect ECONNREFUSED 127.0.0.1:5433
    at C:\Users\Rokhai\CodeInsight-V2\backend\node_modules\pg-pool\index.js:45:11
    at process.processTicksAndRejections (node:internal/process/task_queues:104:5)
    at async processExercisesForAutoClose (C:\Users\Rokhai\CodeInsight-V2\backend\services\autoCloseService.js:40:26)
    at async Job.job (C:\Users\Rokhai\CodeInsight-V2\backend\services\autoCloseService.js:22:7) {
  errno: -4078,
  code: 'ECONNREFUSED',
  syscall: 'connect',
  address: '127.0.0.1',
  port: 5433
}
[AutoClose] Error processing exercises for auto-close: Error: connect ECONNREFUSED 127.0.0.1:5433
    at C:\Users\Rokhai\CodeInsight-V2\backend\node_modules\pg-pool\index.js:45:11
    at process.processTicksAndRejections (node:internal/process/task_queues:104:5)
    at async processExercisesForAutoClose (C:\Users\Rokhai\CodeInsight-V2\backend\services\autoCloseService.js:40:26)
    at async Job.job (C:\Users\Rokhai\CodeInsight-V2\backend\services\autoCloseService.js:22:7) {
  errno: -4078,
  code: 'ECONNREFUSED',
  syscall: 'connect',
  address: '127.0.0.1',
  port: 5433
}
[AutoClose] Error processing exercises for auto-close: Error: connect ECONNREFUSED 127.0.0.1:5433
    at C:\Users\Rokhai\CodeInsight-V2\backend\node_modules\pg-pool\index.js:45:11
    at process.processTicksAndRejections (node:internal/process/task_queues:104:5)
    at async processExercisesForAutoClose (C:\Users\Rokhai\CodeInsight-V2\backend\services\autoCloseService.js:40:26)
    at async Job.job (C:\Users\Rokhai\CodeInsight-V2\backend\services\autoCloseService.js:22:7) {
  errno: -4078,
  code: 'ECONNREFUSED',
  syscall: 'connect',
  address: '127.0.0.1',
  port: 5433
}
[AutoClose] Error processing exercises for auto-close: Error: connect ECONNREFUSED 127.0.0.1:5433
    at C:\Users\Rokhai\CodeInsight-V2\backend\node_modules\pg-pool\index.js:45:11
    at process.processTicksAndRejections (node:internal/process/task_queues:104:5)
    at async processExercisesForAutoClose (C:\Users\Rokhai\CodeInsight-V2\backend\services\autoCloseService.js:40:26)
    at async Job.job (C:\Users\Rokhai\CodeInsight-V2\backend\services\autoCloseService.js:22:7) {
  errno: -4078,
  code: 'ECONNREFUSED',
  syscall: 'connect',
  address: '127.0.0.1',
  port: 5433
}
[AutoClose] Error processing exercises for auto-close: Error: connect ECONNREFUSED 127.0.0.1:5433
    at C:\Users\Rokhai\CodeInsight-V2\backend\node_modules\pg-pool\index.js:45:11
    at process.processTicksAndRejections (node:internal/process/task_queues:104:5)
    at async processExercisesForAutoClose (C:\Users\Rokhai\CodeInsight-V2\backend\services\autoCloseService.js:40:26)
    at async Job.job (C:\Users\Rokhai\CodeInsight-V2\backend\services\autoCloseService.js:22:7) {
  errno: -4078,
  code: 'ECONNREFUSED',
  syscall: 'connect',
  address: '127.0.0.1',
  port: 5433
}
[AutoClose] Error processing exercises for auto-close: Error: connect ECONNREFUSED 127.0.0.1:5433
    at C:\Users\Rokhai\CodeInsight-V2\backend\node_modules\pg-pool\index.js:45:11
    at process.processTicksAndRejections (node:internal/process/task_queues:104:5)
    at async processExercisesForAutoClose (C:\Users\Rokhai\CodeInsight-V2\backend\services\autoCloseService.js:40:26)
    at async Job.job (C:\Users\Rokhai\CodeInsight-V2\backend\services\autoCloseService.js:22:7) {
  errno: -4078,
  code: 'ECONNREFUSED',
  syscall: 'connect',
  address: '127.0.0.1',
  port: 5433
}
[AutoClose] Error processing exercises for auto-close: Error: connect ECONNREFUSED 127.0.0.1:5433
    at C:\Users\Rokhai\CodeInsight-V2\backend\node_modules\pg-pool\index.js:45:11
    at process.processTicksAndRejections (node:internal/process/task_queues:104:5)
    at async processExercisesForAutoClose (C:\Users\Rokhai\CodeInsight-V2\backend\services\autoCloseService.js:40:26)
    at async Job.job (C:\Users\Rokhai\CodeInsight-V2\backend\services\autoCloseService.js:22:7) {
  errno: -4078,
  code: 'ECONNREFUSED',
  syscall: 'connect',
  address: '127.0.0.1',
  port: 5433
}
