Verifying database tables...
✓ users table exists
✓ sections table exists
✓ enrollments table exists
✓ concepts table exists
✓ exercises table exists
✓ submissions table exists
✓ cds_scores table exists
✓ alerts table exists
✓ verification_logs table exists
✓ performance_logs table exists
✓ auto_close_log table exists
✓ integrity_flags table exists
✓ Added NOT NULL constraint to sections.code
✓ sections.code UNIQUE constraint already exists
✓ Updated users.role CHECK to include admin
✓ Migration 010 (taxonomy refactor) applied
✓ submission attempt numbers renumbered
✓ users.google_id UNIQUE constraint already exists
✓ Made users.password_hash nullable
Starting auto-close service...
[AutoClose] Service started. Will check every 5 minutes.
[2026-08-17 19:32:55.724 +0800] [33mWARN[39m (4252): [36mRedis unavailable — submissions will process synchronously[39m
[2026-08-17 19:32:55.730 +0800] [32mINFO[39m (4252): [36mCodeInsight started[39m
    port: "5000"
[AutoClose] Checking for exercises to close...
[AutoClose] Checking for exercises to close...
[AutoClose] Checking for exercises to close...
[AutoClose] Checking for exercises to close...
[AutoClose] Checking for exercises to close...
[AutoClose] Checking for exercises to close...
[AutoClose] Checking for exercises to close...
[AutoClose] Checking for exercises to close...
[AutoClose] Checking for exercises to close...
[AutoClose] Checking for exercises to close...
[AutoClose] Checking for exercises to close...
[AutoClose] Checking for exercises to close...
[AutoClose] Checking for exercises to close...
[AutoClose] Checking for exercises to close...
[AutoClose] Checking for exercises to close...
[AutoClose] Checking for exercises to close...
[AutoClose] Checking for exercises to close...
[AutoClose] Checking for exercises to close...
[AutoClose] Checking for exercises to close...
[AutoClose] Checking for exercises to close...
[AutoClose] Checking for exercises to close...
[AutoClose] Checking for exercises to close...
[AutoClose] Checking for exercises to close...
[AutoClose] Checking for exercises to close...
[AutoClose] Checking for exercises to close...
[AutoClose] Checking for exercises to close...
[AutoClose] Checking for exercises to close...
[AutoClose] Checking for exercises to close...
[AutoClose] Checking for exercises to close...
[AutoClose] Checking for exercises to close...
[AutoClose] Checking for exercises to close...
[AutoClose] Checking for exercises to close...
[AutoClose] Checking for exercises to close...
[AutoClose] Checking for exercises to close...
[AutoClose] Checking for exercises to close...
[AutoClose] Checking for exercises to close...
[AutoClose] Checking for exercises to close...
[AutoClose] Checking for exercises to close...
[AutoClose] Checking for exercises to close...
[AutoClose] Checking for exercises to close...
[AutoClose] Checking for exercises to close...
[AutoClose] Checking for exercises to close...
[AutoClose] Checking for exercises to close...
[AutoClose] Checking for exercises to close...
[AutoClose] Checking for exercises to close...
[AutoClose] Checking for exercises to close...
[AutoClose] Checking for exercises to close...
[AutoClose] Checking for exercises to close...
[AutoClose] Checking for exercises to close...
[AutoClose] Checking for exercises to close...
[AutoClose] Checking for exercises to close...
[AutoClose] Checking for exercises to close...
[AutoClose] Checking for exercises to close...
[AutoClose] Checking for exercises to close...
[AutoClose] Checking for exercises to close...
[AutoClose] Checking for exercises to close...
[AutoClose] Checking for exercises to close...
[AutoClose] Checking for exercises to close...
[AutoClose] Checking for exercises to close...
[AutoClose] Checking for exercises to close...
[AutoClose] Checking for exercises to close...
[AutoClose] Checking for exercises to close...
[AutoClose] Checking for exercises to close...
[AutoClose] Checking for exercises to close...
[AutoClose] Checking for exercises to close...
[AutoClose] Checking for exercises to close...
[AutoClose] Checking for exercises to close...
[AutoClose] Checking for exercises to close...
[AutoClose] Checking for exercises to close...
[AutoClose] Checking for exercises to close...
[AutoClose] Checking for exercises to close...
[AutoClose] Checking for exercises to close...
[AutoClose] Checking for exercises to close...
[AutoClose] Checking for exercises to close...
[AutoClose] Checking for exercises to close...
[AutoClose] Checking for exercises to close...
[AutoClose] Checking for exercises to close...
[AutoClose] Checking for exercises to close...
[AutoClose] Checking for exercises to close...
[AutoClose] Checking for exercises to close...
[AutoClose] Checking for exercises to close...
[AutoClose] Checking for exercises to close...
[AutoClose] Checking for exercises to close...
[AutoClose] Checking for exercises to close...
[AutoClose] Checking for exercises to close...
[AutoClose] Checking for exercises to close...
[AutoClose] Checking for exercises to close...
[AutoClose] Checking for exercises to close...
[AutoClose] Checking for exercises to close...
[AutoClose] Checking for exercises to close...
[AutoClose] Checking for exercises to close...
[AutoClose] Checking for exercises to close...
[AutoClose] Checking for exercises to close...
[AutoClose] Checking for exercises to close...
[AutoClose] Checking for exercises to close...
[AutoClose] Checking for exercises to close...
[AutoClose] Checking for exercises to close...
[AutoClose] Checking for exercises to close...
[AutoClose] Checking for exercises to close...
[AutoClose] Checking for exercises to close...
[AutoClose] Checking for exercises to close...
[AutoClose] Checking for exercises to close...
[AutoClose] Checking for exercises to close...
[AutoClose] Checking for exercises to close...
[AutoClose] Checking for exercises to close...
[AutoClose] Checking for exercises to close...
[AutoClose] Checking for exercises to close...
[AutoClose] Checking for exercises to close...
[AutoClose] Checking for exercises to close...
[AutoClose] Checking for exercises to close...
[AutoClose] Checking for exercises to close...
[AutoClose] Checking for exercises to close...
[AutoClose] Checking for exercises to close...
[AutoClose] Checking for exercises to close...
[AutoClose] Checking for exercises to close...
[AutoClose] Checking for exercises to close...
[AutoClose] Checking for exercises to close...
[AutoClose] Checking for exercises to close...
