DB connection error: Error: Connection terminated due to connection timeout
    at C:\Users\Rokhai\CodeInsight-V2\backend\node_modules\pg-pool\index.js:45:11
    at process.processTicksAndRejections (node:internal/process/task_queues:104:5) {
  [cause]: Error: Connection terminated unexpectedly
      at Connection.<anonymous> (C:\Users\Rokhai\CodeInsight-V2\backend\node_modules\pg\lib\client.js:180:73)
      at Object.onceWrapper (node:events:622:28)
      at Connection.emit (node:events:508:28)
      at Socket.<anonymous> (C:\Users\Rokhai\CodeInsight-V2\backend\node_modules\pg\lib\connection.js:61:12)
      at Socket.emit (node:events:508:28)
      at TCP.<anonymous> (node:net:346:12)
}
⚠ v2 migration file not found: 20260610_v2_concepts.sql
⚠ v2 migration file not found: 20260610_v2_audit.sql
⚠ v2 migration file not found: 20260610_validation_mode.sql
[SubmissionQueue] Redis connection error: 
[SubmissionQueue] Redis unavailable, falling back to sync: 
[AutoClose] Error processing exercises for auto-close: AggregateError [ECONNREFUSED]: 
    at C:\Users\Rokhai\CodeInsight-V2\backend\node_modules\pg-pool\index.js:45:11
    at process.processTicksAndRejections (node:internal/process/task_queues:104:5)
    at async processExercisesForAutoClose (C:\Users\Rokhai\CodeInsight-V2\backend\services\autoCloseService.js:40:26)
    at async Job.job (C:\Users\Rokhai\CodeInsight-V2\backend\services\autoCloseService.js:22:7) {
  code: 'ECONNREFUSED',
  [errors]: [
    Error: connect ECONNREFUSED ::1:5433
        at createConnectionError (node:net:1686:14)
        at afterConnectMultiple (node:net:1716:16) {
      errno: -4078,
      code: 'ECONNREFUSED',
      syscall: 'connect',
      address: '::1',
      port: 5433
    },
    Error: connect ECONNREFUSED 127.0.0.1:5433
        at createConnectionError (node:net:1686:14)
        at afterConnectMultiple (node:net:1716:16) {
      errno: -4078,
      code: 'ECONNREFUSED',
      syscall: 'connect',
      address: '127.0.0.1',
      port: 5433
    }
  ]
}
[AutoClose] Error processing exercises for auto-close: AggregateError [ECONNREFUSED]: 
    at C:\Users\Rokhai\CodeInsight-V2\backend\node_modules\pg-pool\index.js:45:11
    at process.processTicksAndRejections (node:internal/process/task_queues:104:5)
    at async processExercisesForAutoClose (C:\Users\Rokhai\CodeInsight-V2\backend\services\autoCloseService.js:40:26)
    at async Job.job (C:\Users\Rokhai\CodeInsight-V2\backend\services\autoCloseService.js:22:7) {
  code: 'ECONNREFUSED',
  [errors]: [
    Error: connect ECONNREFUSED ::1:5433
        at createConnectionError (node:net:1686:14)
        at afterConnectMultiple (node:net:1716:16) {
      errno: -4078,
      code: 'ECONNREFUSED',
      syscall: 'connect',
      address: '::1',
      port: 5433
    },
    Error: connect ECONNREFUSED 127.0.0.1:5433
        at createConnectionError (node:net:1686:14)
        at afterConnectMultiple (node:net:1716:16) {
      errno: -4078,
      code: 'ECONNREFUSED',
      syscall: 'connect',
      address: '127.0.0.1',
      port: 5433
    }
  ]
}
[AutoClose] Error processing exercises for auto-close: AggregateError [ECONNREFUSED]: 
    at C:\Users\Rokhai\CodeInsight-V2\backend\node_modules\pg-pool\index.js:45:11
    at process.processTicksAndRejections (node:internal/process/task_queues:104:5)
    at async processExercisesForAutoClose (C:\Users\Rokhai\CodeInsight-V2\backend\services\autoCloseService.js:40:26)
    at async Job.job (C:\Users\Rokhai\CodeInsight-V2\backend\services\autoCloseService.js:22:7) {
  code: 'ECONNREFUSED',
  [errors]: [
    Error: connect ECONNREFUSED ::1:5433
        at createConnectionError (node:net:1686:14)
        at afterConnectMultiple (node:net:1716:16) {
      errno: -4078,
      code: 'ECONNREFUSED',
      syscall: 'connect',
      address: '::1',
      port: 5433
    },
    Error: connect ECONNREFUSED 127.0.0.1:5433
        at createConnectionError (node:net:1686:14)
        at afterConnectMultiple (node:net:1716:16) {
      errno: -4078,
      code: 'ECONNREFUSED',
      syscall: 'connect',
      address: '127.0.0.1',
      port: 5433
    }
  ]
}
[AutoClose] Error processing exercises for auto-close: AggregateError [ECONNREFUSED]: 
    at C:\Users\Rokhai\CodeInsight-V2\backend\node_modules\pg-pool\index.js:45:11
    at process.processTicksAndRejections (node:internal/process/task_queues:104:5)
    at async processExercisesForAutoClose (C:\Users\Rokhai\CodeInsight-V2\backend\services\autoCloseService.js:40:26)
    at async Job.job (C:\Users\Rokhai\CodeInsight-V2\backend\services\autoCloseService.js:22:7) {
  code: 'ECONNREFUSED',
  [errors]: [
    Error: connect ECONNREFUSED ::1:5433
        at createConnectionError (node:net:1686:14)
        at afterConnectMultiple (node:net:1716:16) {
      errno: -4078,
      code: 'ECONNREFUSED',
      syscall: 'connect',
      address: '::1',
      port: 5433
    },
    Error: connect ECONNREFUSED 127.0.0.1:5433
        at createConnectionError (node:net:1686:14)
        at afterConnectMultiple (node:net:1716:16) {
      errno: -4078,
      code: 'ECONNREFUSED',
      syscall: 'connect',
      address: '127.0.0.1',
      port: 5433
    }
  ]
}
[AutoClose] Error processing exercises for auto-close: AggregateError [ECONNREFUSED]: 
    at C:\Users\Rokhai\CodeInsight-V2\backend\node_modules\pg-pool\index.js:45:11
    at process.processTicksAndRejections (node:internal/process/task_queues:104:5)
    at async processExercisesForAutoClose (C:\Users\Rokhai\CodeInsight-V2\backend\services\autoCloseService.js:40:26)
    at async Job.job (C:\Users\Rokhai\CodeInsight-V2\backend\services\autoCloseService.js:22:7) {
  code: 'ECONNREFUSED',
  [errors]: [
    Error: connect ECONNREFUSED ::1:5433
        at createConnectionError (node:net:1686:14)
        at afterConnectMultiple (node:net:1716:16) {
      errno: -4078,
      code: 'ECONNREFUSED',
      syscall: 'connect',
      address: '::1',
      port: 5433
    },
    Error: connect ECONNREFUSED 127.0.0.1:5433
        at createConnectionError (node:net:1686:14)
        at afterConnectMultiple (node:net:1716:16) {
      errno: -4078,
      code: 'ECONNREFUSED',
      syscall: 'connect',
      address: '127.0.0.1',
      port: 5433
    }
  ]
}
[AutoClose] Error processing exercises for auto-close: AggregateError [ECONNREFUSED]: 
    at C:\Users\Rokhai\CodeInsight-V2\backend\node_modules\pg-pool\index.js:45:11
    at process.processTicksAndRejections (node:internal/process/task_queues:104:5)
    at async processExercisesForAutoClose (C:\Users\Rokhai\CodeInsight-V2\backend\services\autoCloseService.js:40:26)
    at async Job.job (C:\Users\Rokhai\CodeInsight-V2\backend\services\autoCloseService.js:22:7) {
  code: 'ECONNREFUSED',
  [errors]: [
    Error: connect ECONNREFUSED ::1:5433
        at createConnectionError (node:net:1686:14)
        at afterConnectMultiple (node:net:1716:16) {
      errno: -4078,
      code: 'ECONNREFUSED',
      syscall: 'connect',
      address: '::1',
      port: 5433
    },
    Error: connect ECONNREFUSED 127.0.0.1:5433
        at createConnectionError (node:net:1686:14)
        at afterConnectMultiple (node:net:1716:16) {
      errno: -4078,
      code: 'ECONNREFUSED',
      syscall: 'connect',
      address: '127.0.0.1',
      port: 5433
    }
  ]
}
[AutoClose] Error processing exercises for auto-close: AggregateError [ECONNREFUSED]: 
    at C:\Users\Rokhai\CodeInsight-V2\backend\node_modules\pg-pool\index.js:45:11
    at process.processTicksAndRejections (node:internal/process/task_queues:104:5)
    at async processExercisesForAutoClose (C:\Users\Rokhai\CodeInsight-V2\backend\services\autoCloseService.js:40:26)
    at async Job.job (C:\Users\Rokhai\CodeInsight-V2\backend\services\autoCloseService.js:22:7) {
  code: 'ECONNREFUSED',
  [errors]: [
    Error: connect ECONNREFUSED ::1:5433
        at createConnectionError (node:net:1686:14)
        at afterConnectMultiple (node:net:1716:16) {
      errno: -4078,
      code: 'ECONNREFUSED',
      syscall: 'connect',
      address: '::1',
      port: 5433
    },
    Error: connect ECONNREFUSED 127.0.0.1:5433
        at createConnectionError (node:net:1686:14)
        at afterConnectMultiple (node:net:1716:16) {
      errno: -4078,
      code: 'ECONNREFUSED',
      syscall: 'connect',
      address: '127.0.0.1',
      port: 5433
    }
  ]
}
[AutoClose] Error processing exercises for auto-close: AggregateError [ECONNREFUSED]: 
    at C:\Users\Rokhai\CodeInsight-V2\backend\node_modules\pg-pool\index.js:45:11
    at process.processTicksAndRejections (node:internal/process/task_queues:104:5)
    at async processExercisesForAutoClose (C:\Users\Rokhai\CodeInsight-V2\backend\services\autoCloseService.js:40:26)
    at async Job.job (C:\Users\Rokhai\CodeInsight-V2\backend\services\autoCloseService.js:22:7) {
  code: 'ECONNREFUSED',
  [errors]: [
    Error: connect ECONNREFUSED ::1:5433
        at createConnectionError (node:net:1686:14)
        at afterConnectMultiple (node:net:1716:16) {
      errno: -4078,
      code: 'ECONNREFUSED',
      syscall: 'connect',
      address: '::1',
      port: 5433
    },
    Error: connect ECONNREFUSED 127.0.0.1:5433
        at createConnectionError (node:net:1686:14)
        at afterConnectMultiple (node:net:1716:16) {
      errno: -4078,
      code: 'ECONNREFUSED',
      syscall: 'connect',
      address: '127.0.0.1',
      port: 5433
    }
  ]
}
[AutoClose] Error processing exercises for auto-close: AggregateError [ECONNREFUSED]: 
    at C:\Users\Rokhai\CodeInsight-V2\backend\node_modules\pg-pool\index.js:45:11
    at process.processTicksAndRejections (node:internal/process/task_queues:104:5)
    at async processExercisesForAutoClose (C:\Users\Rokhai\CodeInsight-V2\backend\services\autoCloseService.js:40:26)
    at async Job.job (C:\Users\Rokhai\CodeInsight-V2\backend\services\autoCloseService.js:22:7) {
  code: 'ECONNREFUSED',
  [errors]: [
    Error: connect ECONNREFUSED ::1:5433
        at createConnectionError (node:net:1686:14)
        at afterConnectMultiple (node:net:1716:16) {
      errno: -4078,
      code: 'ECONNREFUSED',
      syscall: 'connect',
      address: '::1',
      port: 5433
    },
    Error: connect ECONNREFUSED 127.0.0.1:5433
        at createConnectionError (node:net:1686:14)
        at afterConnectMultiple (node:net:1716:16) {
      errno: -4078,
      code: 'ECONNREFUSED',
      syscall: 'connect',
      address: '127.0.0.1',
      port: 5433
    }
  ]
}
[AutoClose] Error processing exercises for auto-close: AggregateError [ECONNREFUSED]: 
    at C:\Users\Rokhai\CodeInsight-V2\backend\node_modules\pg-pool\index.js:45:11
    at process.processTicksAndRejections (node:internal/process/task_queues:104:5)
    at async processExercisesForAutoClose (C:\Users\Rokhai\CodeInsight-V2\backend\services\autoCloseService.js:40:26)
    at async Job.job (C:\Users\Rokhai\CodeInsight-V2\backend\services\autoCloseService.js:22:7) {
  code: 'ECONNREFUSED',
  [errors]: [
    Error: connect ECONNREFUSED ::1:5433
        at createConnectionError (node:net:1686:14)
        at afterConnectMultiple (node:net:1716:16) {
      errno: -4078,
      code: 'ECONNREFUSED',
      syscall: 'connect',
      address: '::1',
      port: 5433
    },
    Error: connect ECONNREFUSED 127.0.0.1:5433
        at createConnectionError (node:net:1686:14)
        at afterConnectMultiple (node:net:1716:16) {
      errno: -4078,
      code: 'ECONNREFUSED',
      syscall: 'connect',
      address: '127.0.0.1',
      port: 5433
    }
  ]
}
[AutoClose] Error processing exercises for auto-close: AggregateError [ECONNREFUSED]: 
    at C:\Users\Rokhai\CodeInsight-V2\backend\node_modules\pg-pool\index.js:45:11
    at process.processTicksAndRejections (node:internal/process/task_queues:104:5)
    at async processExercisesForAutoClose (C:\Users\Rokhai\CodeInsight-V2\backend\services\autoCloseService.js:40:26)
    at async Job.job (C:\Users\Rokhai\CodeInsight-V2\backend\services\autoCloseService.js:22:7) {
  code: 'ECONNREFUSED',
  [errors]: [
    Error: connect ECONNREFUSED ::1:5433
        at createConnectionError (node:net:1686:14)
        at afterConnectMultiple (node:net:1716:16) {
      errno: -4078,
      code: 'ECONNREFUSED',
      syscall: 'connect',
      address: '::1',
      port: 5433
    },
    Error: connect ECONNREFUSED 127.0.0.1:5433
        at createConnectionError (node:net:1686:14)
        at afterConnectMultiple (node:net:1716:16) {
      errno: -4078,
      code: 'ECONNREFUSED',
      syscall: 'connect',
      address: '127.0.0.1',
      port: 5433
    }
  ]
}
[AutoClose] Error processing exercises for auto-close: AggregateError [ECONNREFUSED]: 
    at C:\Users\Rokhai\CodeInsight-V2\backend\node_modules\pg-pool\index.js:45:11
    at process.processTicksAndRejections (node:internal/process/task_queues:104:5)
    at async processExercisesForAutoClose (C:\Users\Rokhai\CodeInsight-V2\backend\services\autoCloseService.js:40:26)
    at async Job.job (C:\Users\Rokhai\CodeInsight-V2\backend\services\autoCloseService.js:22:7) {
  code: 'ECONNREFUSED',
  [errors]: [
    Error: connect ECONNREFUSED ::1:5433
        at createConnectionError (node:net:1686:14)
        at afterConnectMultiple (node:net:1716:16) {
      errno: -4078,
      code: 'ECONNREFUSED',
      syscall: 'connect',
      address: '::1',
      port: 5433
    },
    Error: connect ECONNREFUSED 127.0.0.1:5433
        at createConnectionError (node:net:1686:14)
        at afterConnectMultiple (node:net:1716:16) {
      errno: -4078,
      code: 'ECONNREFUSED',
      syscall: 'connect',
      address: '127.0.0.1',
      port: 5433
    }
  ]
}
[AutoClose] Error processing exercises for auto-close: AggregateError [ECONNREFUSED]: 
    at C:\Users\Rokhai\CodeInsight-V2\backend\node_modules\pg-pool\index.js:45:11
    at process.processTicksAndRejections (node:internal/process/task_queues:104:5)
    at async processExercisesForAutoClose (C:\Users\Rokhai\CodeInsight-V2\backend\services\autoCloseService.js:40:26)
    at async Job.job (C:\Users\Rokhai\CodeInsight-V2\backend\services\autoCloseService.js:22:7) {
  code: 'ECONNREFUSED',
  [errors]: [
    Error: connect ECONNREFUSED ::1:5433
        at createConnectionError (node:net:1686:14)
        at afterConnectMultiple (node:net:1716:16) {
      errno: -4078,
      code: 'ECONNREFUSED',
      syscall: 'connect',
      address: '::1',
      port: 5433
    },
    Error: connect ECONNREFUSED 127.0.0.1:5433
        at createConnectionError (node:net:1686:14)
        at afterConnectMultiple (node:net:1716:16) {
      errno: -4078,
      code: 'ECONNREFUSED',
      syscall: 'connect',
      address: '127.0.0.1',
      port: 5433
    }
  ]
}
[AutoClose] Error processing exercises for auto-close: AggregateError [ECONNREFUSED]: 
    at C:\Users\Rokhai\CodeInsight-V2\backend\node_modules\pg-pool\index.js:45:11
    at process.processTicksAndRejections (node:internal/process/task_queues:104:5)
    at async processExercisesForAutoClose (C:\Users\Rokhai\CodeInsight-V2\backend\services\autoCloseService.js:40:26)
    at async Job.job (C:\Users\Rokhai\CodeInsight-V2\backend\services\autoCloseService.js:22:7) {
  code: 'ECONNREFUSED',
  [errors]: [
    Error: connect ECONNREFUSED ::1:5433
        at createConnectionError (node:net:1686:14)
        at afterConnectMultiple (node:net:1716:16) {
      errno: -4078,
      code: 'ECONNREFUSED',
      syscall: 'connect',
      address: '::1',
      port: 5433
    },
    Error: connect ECONNREFUSED 127.0.0.1:5433
        at createConnectionError (node:net:1686:14)
        at afterConnectMultiple (node:net:1716:16) {
      errno: -4078,
      code: 'ECONNREFUSED',
      syscall: 'connect',
      address: '127.0.0.1',
      port: 5433
    }
  ]
}
[AutoClose] Error processing exercises for auto-close: AggregateError [ECONNREFUSED]: 
    at C:\Users\Rokhai\CodeInsight-V2\backend\node_modules\pg-pool\index.js:45:11
    at process.processTicksAndRejections (node:internal/process/task_queues:104:5)
    at async processExercisesForAutoClose (C:\Users\Rokhai\CodeInsight-V2\backend\services\autoCloseService.js:40:26)
    at async Job.job (C:\Users\Rokhai\CodeInsight-V2\backend\services\autoCloseService.js:22:7) {
  code: 'ECONNREFUSED',
  [errors]: [
    Error: connect ECONNREFUSED ::1:5433
        at createConnectionError (node:net:1686:14)
        at afterConnectMultiple (node:net:1716:16) {
      errno: -4078,
      code: 'ECONNREFUSED',
      syscall: 'connect',
      address: '::1',
      port: 5433
    },
    Error: connect ECONNREFUSED 127.0.0.1:5433
        at createConnectionError (node:net:1686:14)
        at afterConnectMultiple (node:net:1716:16) {
      errno: -4078,
      code: 'ECONNREFUSED',
      syscall: 'connect',
      address: '127.0.0.1',
      port: 5433
    }
  ]
}
[AutoClose] Error processing exercises for auto-close: AggregateError [ECONNREFUSED]: 
    at C:\Users\Rokhai\CodeInsight-V2\backend\node_modules\pg-pool\index.js:45:11
    at process.processTicksAndRejections (node:internal/process/task_queues:104:5)
    at async processExercisesForAutoClose (C:\Users\Rokhai\CodeInsight-V2\backend\services\autoCloseService.js:40:26)
    at async Job.job (C:\Users\Rokhai\CodeInsight-V2\backend\services\autoCloseService.js:22:7) {
  code: 'ECONNREFUSED',
  [errors]: [
    Error: connect ECONNREFUSED ::1:5433
        at createConnectionError (node:net:1686:14)
        at afterConnectMultiple (node:net:1716:16) {
      errno: -4078,
      code: 'ECONNREFUSED',
      syscall: 'connect',
      address: '::1',
      port: 5433
    },
    Error: connect ECONNREFUSED 127.0.0.1:5433
        at createConnectionError (node:net:1686:14)
        at afterConnectMultiple (node:net:1716:16) {
      errno: -4078,
      code: 'ECONNREFUSED',
      syscall: 'connect',
      address: '127.0.0.1',
      port: 5433
    }
  ]
}
[AutoClose] Error processing exercises for auto-close: AggregateError [ECONNREFUSED]: 
    at C:\Users\Rokhai\CodeInsight-V2\backend\node_modules\pg-pool\index.js:45:11
    at process.processTicksAndRejections (node:internal/process/task_queues:104:5)
    at async processExercisesForAutoClose (C:\Users\Rokhai\CodeInsight-V2\backend\services\autoCloseService.js:40:26)
    at async Job.job (C:\Users\Rokhai\CodeInsight-V2\backend\services\autoCloseService.js:22:7) {
  code: 'ECONNREFUSED',
  [errors]: [
    Error: connect ECONNREFUSED ::1:5433
        at createConnectionError (node:net:1686:14)
        at afterConnectMultiple (node:net:1716:16) {
      errno: -4078,
      code: 'ECONNREFUSED',
      syscall: 'connect',
      address: '::1',
      port: 5433
    },
    Error: connect ECONNREFUSED 127.0.0.1:5433
        at createConnectionError (node:net:1686:14)
        at afterConnectMultiple (node:net:1716:16) {
      errno: -4078,
      code: 'ECONNREFUSED',
      syscall: 'connect',
      address: '127.0.0.1',
      port: 5433
    }
  ]
}
[AutoClose] Error processing exercises for auto-close: AggregateError [ECONNREFUSED]: 
    at C:\Users\Rokhai\CodeInsight-V2\backend\node_modules\pg-pool\index.js:45:11
    at process.processTicksAndRejections (node:internal/process/task_queues:104:5)
    at async processExercisesForAutoClose (C:\Users\Rokhai\CodeInsight-V2\backend\services\autoCloseService.js:40:26)
    at async Job.job (C:\Users\Rokhai\CodeInsight-V2\backend\services\autoCloseService.js:22:7) {
  code: 'ECONNREFUSED',
  [errors]: [
    Error: connect ECONNREFUSED ::1:5433
        at createConnectionError (node:net:1686:14)
        at afterConnectMultiple (node:net:1716:16) {
      errno: -4078,
      code: 'ECONNREFUSED',
      syscall: 'connect',
      address: '::1',
      port: 5433
    },
    Error: connect ECONNREFUSED 127.0.0.1:5433
        at createConnectionError (node:net:1686:14)
        at afterConnectMultiple (node:net:1716:16) {
      errno: -4078,
      code: 'ECONNREFUSED',
      syscall: 'connect',
      address: '127.0.0.1',
      port: 5433
    }
  ]
}
[AutoClose] Error processing exercises for auto-close: AggregateError [ECONNREFUSED]: 
    at C:\Users\Rokhai\CodeInsight-V2\backend\node_modules\pg-pool\index.js:45:11
    at process.processTicksAndRejections (node:internal/process/task_queues:104:5)
    at async processExercisesForAutoClose (C:\Users\Rokhai\CodeInsight-V2\backend\services\autoCloseService.js:40:26)
    at async Job.job (C:\Users\Rokhai\CodeInsight-V2\backend\services\autoCloseService.js:22:7) {
  code: 'ECONNREFUSED',
  [errors]: [
    Error: connect ECONNREFUSED ::1:5433
        at createConnectionError (node:net:1686:14)
        at afterConnectMultiple (node:net:1716:16) {
      errno: -4078,
      code: 'ECONNREFUSED',
      syscall: 'connect',
      address: '::1',
      port: 5433
    },
    Error: connect ECONNREFUSED 127.0.0.1:5433
        at createConnectionError (node:net:1686:14)
        at afterConnectMultiple (node:net:1716:16) {
      errno: -4078,
      code: 'ECONNREFUSED',
      syscall: 'connect',
      address: '127.0.0.1',
      port: 5433
    }
  ]
}
[AutoClose] Error processing exercises for auto-close: AggregateError [ECONNREFUSED]: 
    at C:\Users\Rokhai\CodeInsight-V2\backend\node_modules\pg-pool\index.js:45:11
    at process.processTicksAndRejections (node:internal/process/task_queues:104:5)
    at async processExercisesForAutoClose (C:\Users\Rokhai\CodeInsight-V2\backend\services\autoCloseService.js:40:26)
    at async Job.job (C:\Users\Rokhai\CodeInsight-V2\backend\services\autoCloseService.js:22:7) {
  code: 'ECONNREFUSED',
  [errors]: [
    Error: connect ECONNREFUSED ::1:5433
        at createConnectionError (node:net:1686:14)
        at afterConnectMultiple (node:net:1716:16) {
      errno: -4078,
      code: 'ECONNREFUSED',
      syscall: 'connect',
      address: '::1',
      port: 5433
    },
    Error: connect ECONNREFUSED 127.0.0.1:5433
        at createConnectionError (node:net:1686:14)
        at afterConnectMultiple (node:net:1716:16) {
      errno: -4078,
      code: 'ECONNREFUSED',
      syscall: 'connect',
      address: '127.0.0.1',
      port: 5433
    }
  ]
}
[AutoClose] Error processing exercises for auto-close: AggregateError [ECONNREFUSED]: 
    at C:\Users\Rokhai\CodeInsight-V2\backend\node_modules\pg-pool\index.js:45:11
    at process.processTicksAndRejections (node:internal/process/task_queues:104:5)
    at async processExercisesForAutoClose (C:\Users\Rokhai\CodeInsight-V2\backend\services\autoCloseService.js:40:26)
    at async Job.job (C:\Users\Rokhai\CodeInsight-V2\backend\services\autoCloseService.js:22:7) {
  code: 'ECONNREFUSED',
  [errors]: [
    Error: connect ECONNREFUSED ::1:5433
        at createConnectionError (node:net:1686:14)
        at afterConnectMultiple (node:net:1716:16) {
      errno: -4078,
      code: 'ECONNREFUSED',
      syscall: 'connect',
      address: '::1',
      port: 5433
    },
    Error: connect ECONNREFUSED 127.0.0.1:5433
        at createConnectionError (node:net:1686:14)
        at afterConnectMultiple (node:net:1716:16) {
      errno: -4078,
      code: 'ECONNREFUSED',
      syscall: 'connect',
      address: '127.0.0.1',
      port: 5433
    }
  ]
}
[AutoClose] Error processing exercises for auto-close: AggregateError [ECONNREFUSED]: 
    at C:\Users\Rokhai\CodeInsight-V2\backend\node_modules\pg-pool\index.js:45:11
    at process.processTicksAndRejections (node:internal/process/task_queues:104:5)
    at async processExercisesForAutoClose (C:\Users\Rokhai\CodeInsight-V2\backend\services\autoCloseService.js:40:26)
    at async Job.job (C:\Users\Rokhai\CodeInsight-V2\backend\services\autoCloseService.js:22:7) {
  code: 'ECONNREFUSED',
  [errors]: [
    Error: connect ECONNREFUSED ::1:5433
        at createConnectionError (node:net:1686:14)
        at afterConnectMultiple (node:net:1716:16) {
      errno: -4078,
      code: 'ECONNREFUSED',
      syscall: 'connect',
      address: '::1',
      port: 5433
    },
    Error: connect ECONNREFUSED 127.0.0.1:5433
        at createConnectionError (node:net:1686:14)
        at afterConnectMultiple (node:net:1716:16) {
      errno: -4078,
      code: 'ECONNREFUSED',
      syscall: 'connect',
      address: '127.0.0.1',
      port: 5433
    }
  ]
}
[AutoClose] Error processing exercises for auto-close: AggregateError [ECONNREFUSED]: 
    at C:\Users\Rokhai\CodeInsight-V2\backend\node_modules\pg-pool\index.js:45:11
    at process.processTicksAndRejections (node:internal/process/task_queues:104:5)
    at async processExercisesForAutoClose (C:\Users\Rokhai\CodeInsight-V2\backend\services\autoCloseService.js:40:26)
    at async Job.job (C:\Users\Rokhai\CodeInsight-V2\backend\services\autoCloseService.js:22:7) {
  code: 'ECONNREFUSED',
  [errors]: [
    Error: connect ECONNREFUSED ::1:5433
        at createConnectionError (node:net:1686:14)
        at afterConnectMultiple (node:net:1716:16) {
      errno: -4078,
      code: 'ECONNREFUSED',
      syscall: 'connect',
      address: '::1',
      port: 5433
    },
    Error: connect ECONNREFUSED 127.0.0.1:5433
        at createConnectionError (node:net:1686:14)
        at afterConnectMultiple (node:net:1716:16) {
      errno: -4078,
      code: 'ECONNREFUSED',
      syscall: 'connect',
      address: '127.0.0.1',
      port: 5433
    }
  ]
}
[AutoClose] Error processing exercises for auto-close: AggregateError [ECONNREFUSED]: 
    at C:\Users\Rokhai\CodeInsight-V2\backend\node_modules\pg-pool\index.js:45:11
    at process.processTicksAndRejections (node:internal/process/task_queues:104:5)
    at async processExercisesForAutoClose (C:\Users\Rokhai\CodeInsight-V2\backend\services\autoCloseService.js:40:26)
    at async Job.job (C:\Users\Rokhai\CodeInsight-V2\backend\services\autoCloseService.js:22:7) {
  code: 'ECONNREFUSED',
  [errors]: [
    Error: connect ECONNREFUSED ::1:5433
        at createConnectionError (node:net:1686:14)
        at afterConnectMultiple (node:net:1716:16) {
      errno: -4078,
      code: 'ECONNREFUSED',
      syscall: 'connect',
      address: '::1',
      port: 5433
    },
    Error: connect ECONNREFUSED 127.0.0.1:5433
        at createConnectionError (node:net:1686:14)
        at afterConnectMultiple (node:net:1716:16) {
      errno: -4078,
      code: 'ECONNREFUSED',
      syscall: 'connect',
      address: '127.0.0.1',
      port: 5433
    }
  ]
}
[AutoClose] Error processing exercises for auto-close: AggregateError [ECONNREFUSED]: 
    at C:\Users\Rokhai\CodeInsight-V2\backend\node_modules\pg-pool\index.js:45:11
    at process.processTicksAndRejections (node:internal/process/task_queues:104:5)
    at async processExercisesForAutoClose (C:\Users\Rokhai\CodeInsight-V2\backend\services\autoCloseService.js:40:26)
    at async Job.job (C:\Users\Rokhai\CodeInsight-V2\backend\services\autoCloseService.js:22:7) {
  code: 'ECONNREFUSED',
  [errors]: [
    Error: connect ECONNREFUSED ::1:5433
        at createConnectionError (node:net:1686:14)
        at afterConnectMultiple (node:net:1716:16) {
      errno: -4078,
      code: 'ECONNREFUSED',
      syscall: 'connect',
      address: '::1',
      port: 5433
    },
    Error: connect ECONNREFUSED 127.0.0.1:5433
        at createConnectionError (node:net:1686:14)
        at afterConnectMultiple (node:net:1716:16) {
      errno: -4078,
      code: 'ECONNREFUSED',
      syscall: 'connect',
      address: '127.0.0.1',
      port: 5433
    }
  ]
}
[AutoClose] Error processing exercises for auto-close: AggregateError [ECONNREFUSED]: 
    at C:\Users\Rokhai\CodeInsight-V2\backend\node_modules\pg-pool\index.js:45:11
    at process.processTicksAndRejections (node:internal/process/task_queues:104:5)
    at async processExercisesForAutoClose (C:\Users\Rokhai\CodeInsight-V2\backend\services\autoCloseService.js:40:26)
    at async Job.job (C:\Users\Rokhai\CodeInsight-V2\backend\services\autoCloseService.js:22:7) {
  code: 'ECONNREFUSED',
  [errors]: [
    Error: connect ECONNREFUSED ::1:5433
        at createConnectionError (node:net:1686:14)
        at afterConnectMultiple (node:net:1716:16) {
      errno: -4078,
      code: 'ECONNREFUSED',
      syscall: 'connect',
      address: '::1',
      port: 5433
    },
    Error: connect ECONNREFUSED 127.0.0.1:5433
        at createConnectionError (node:net:1686:14)
        at afterConnectMultiple (node:net:1716:16) {
      errno: -4078,
      code: 'ECONNREFUSED',
      syscall: 'connect',
      address: '127.0.0.1',
      port: 5433
    }
  ]
}
[AutoClose] Error processing exercises for auto-close: AggregateError [ECONNREFUSED]: 
    at C:\Users\Rokhai\CodeInsight-V2\backend\node_modules\pg-pool\index.js:45:11
    at process.processTicksAndRejections (node:internal/process/task_queues:104:5)
    at async processExercisesForAutoClose (C:\Users\Rokhai\CodeInsight-V2\backend\services\autoCloseService.js:40:26)
    at async Job.job (C:\Users\Rokhai\CodeInsight-V2\backend\services\autoCloseService.js:22:7) {
  code: 'ECONNREFUSED',
  [errors]: [
    Error: connect ECONNREFUSED ::1:5433
        at createConnectionError (node:net:1686:14)
        at afterConnectMultiple (node:net:1716:16) {
      errno: -4078,
      code: 'ECONNREFUSED',
      syscall: 'connect',
      address: '::1',
      port: 5433
    },
    Error: connect ECONNREFUSED 127.0.0.1:5433
        at createConnectionError (node:net:1686:14)
        at afterConnectMultiple (node:net:1716:16) {
      errno: -4078,
      code: 'ECONNREFUSED',
      syscall: 'connect',
      address: '127.0.0.1',
      port: 5433
    }
  ]
}
[AutoClose] Error processing exercises for auto-close: AggregateError [ECONNREFUSED]: 
    at C:\Users\Rokhai\CodeInsight-V2\backend\node_modules\pg-pool\index.js:45:11
    at process.processTicksAndRejections (node:internal/process/task_queues:104:5)
    at async processExercisesForAutoClose (C:\Users\Rokhai\CodeInsight-V2\backend\services\autoCloseService.js:40:26)
    at async Job.job (C:\Users\Rokhai\CodeInsight-V2\backend\services\autoCloseService.js:22:7) {
  code: 'ECONNREFUSED',
  [errors]: [
    Error: connect ECONNREFUSED ::1:5433
        at createConnectionError (node:net:1686:14)
        at afterConnectMultiple (node:net:1716:16) {
      errno: -4078,
      code: 'ECONNREFUSED',
      syscall: 'connect',
      address: '::1',
      port: 5433
    },
    Error: connect ECONNREFUSED 127.0.0.1:5433
        at createConnectionError (node:net:1686:14)
        at afterConnectMultiple (node:net:1716:16) {
      errno: -4078,
      code: 'ECONNREFUSED',
      syscall: 'connect',
      address: '127.0.0.1',
      port: 5433
    }
  ]
}
[AutoClose] Error processing exercises for auto-close: AggregateError [ECONNREFUSED]: 
    at C:\Users\Rokhai\CodeInsight-V2\backend\node_modules\pg-pool\index.js:45:11
    at process.processTicksAndRejections (node:internal/process/task_queues:104:5)
    at async processExercisesForAutoClose (C:\Users\Rokhai\CodeInsight-V2\backend\services\autoCloseService.js:40:26)
    at async Job.job (C:\Users\Rokhai\CodeInsight-V2\backend\services\autoCloseService.js:22:7) {
  code: 'ECONNREFUSED',
  [errors]: [
    Error: connect ECONNREFUSED ::1:5433
        at createConnectionError (node:net:1686:14)
        at afterConnectMultiple (node:net:1716:16) {
      errno: -4078,
      code: 'ECONNREFUSED',
      syscall: 'connect',
      address: '::1',
      port: 5433
    },
    Error: connect ECONNREFUSED 127.0.0.1:5433
        at createConnectionError (node:net:1686:14)
        at afterConnectMultiple (node:net:1716:16) {
      errno: -4078,
      code: 'ECONNREFUSED',
      syscall: 'connect',
      address: '127.0.0.1',
      port: 5433
    }
  ]
}
[AutoClose] Error processing exercises for auto-close: AggregateError [ECONNREFUSED]: 
    at C:\Users\Rokhai\CodeInsight-V2\backend\node_modules\pg-pool\index.js:45:11
    at process.processTicksAndRejections (node:internal/process/task_queues:104:5)
    at async processExercisesForAutoClose (C:\Users\Rokhai\CodeInsight-V2\backend\services\autoCloseService.js:40:26)
    at async Job.job (C:\Users\Rokhai\CodeInsight-V2\backend\services\autoCloseService.js:22:7) {
  code: 'ECONNREFUSED',
  [errors]: [
    Error: connect ECONNREFUSED ::1:5433
        at createConnectionError (node:net:1686:14)
        at afterConnectMultiple (node:net:1716:16) {
      errno: -4078,
      code: 'ECONNREFUSED',
      syscall: 'connect',
      address: '::1',
      port: 5433
    },
    Error: connect ECONNREFUSED 127.0.0.1:5433
        at createConnectionError (node:net:1686:14)
        at afterConnectMultiple (node:net:1716:16) {
      errno: -4078,
      code: 'ECONNREFUSED',
      syscall: 'connect',
      address: '127.0.0.1',
      port: 5433
    }
  ]
}
[AutoClose] Error processing exercises for auto-close: AggregateError [ECONNREFUSED]: 
    at C:\Users\Rokhai\CodeInsight-V2\backend\node_modules\pg-pool\index.js:45:11
    at process.processTicksAndRejections (node:internal/process/task_queues:104:5)
    at async processExercisesForAutoClose (C:\Users\Rokhai\CodeInsight-V2\backend\services\autoCloseService.js:40:26)
    at async Job.job (C:\Users\Rokhai\CodeInsight-V2\backend\services\autoCloseService.js:22:7) {
  code: 'ECONNREFUSED',
  [errors]: [
    Error: connect ECONNREFUSED ::1:5433
        at createConnectionError (node:net:1686:14)
        at afterConnectMultiple (node:net:1716:16) {
      errno: -4078,
      code: 'ECONNREFUSED',
      syscall: 'connect',
      address: '::1',
      port: 5433
    },
    Error: connect ECONNREFUSED 127.0.0.1:5433
        at createConnectionError (node:net:1686:14)
        at afterConnectMultiple (node:net:1716:16) {
      errno: -4078,
      code: 'ECONNREFUSED',
      syscall: 'connect',
      address: '127.0.0.1',
      port: 5433
    }
  ]
}
[AutoClose] Error processing exercises for auto-close: AggregateError [ECONNREFUSED]: 
    at C:\Users\Rokhai\CodeInsight-V2\backend\node_modules\pg-pool\index.js:45:11
    at process.processTicksAndRejections (node:internal/process/task_queues:104:5)
    at async processExercisesForAutoClose (C:\Users\Rokhai\CodeInsight-V2\backend\services\autoCloseService.js:40:26)
    at async Job.job (C:\Users\Rokhai\CodeInsight-V2\backend\services\autoCloseService.js:22:7) {
  code: 'ECONNREFUSED',
  [errors]: [
    Error: connect ECONNREFUSED ::1:5433
        at createConnectionError (node:net:1686:14)
        at afterConnectMultiple (node:net:1716:16) {
      errno: -4078,
      code: 'ECONNREFUSED',
      syscall: 'connect',
      address: '::1',
      port: 5433
    },
    Error: connect ECONNREFUSED 127.0.0.1:5433
        at createConnectionError (node:net:1686:14)
        at afterConnectMultiple (node:net:1716:16) {
      errno: -4078,
      code: 'ECONNREFUSED',
      syscall: 'connect',
      address: '127.0.0.1',
      port: 5433
    }
  ]
}
[AutoClose] Error processing exercises for auto-close: AggregateError [ECONNREFUSED]: 
    at C:\Users\Rokhai\CodeInsight-V2\backend\node_modules\pg-pool\index.js:45:11
    at process.processTicksAndRejections (node:internal/process/task_queues:104:5)
    at async processExercisesForAutoClose (C:\Users\Rokhai\CodeInsight-V2\backend\services\autoCloseService.js:40:26)
    at async Job.job (C:\Users\Rokhai\CodeInsight-V2\backend\services\autoCloseService.js:22:7) {
  code: 'ECONNREFUSED',
  [errors]: [
    Error: connect ECONNREFUSED ::1:5433
        at createConnectionError (node:net:1686:14)
        at afterConnectMultiple (node:net:1716:16) {
      errno: -4078,
      code: 'ECONNREFUSED',
      syscall: 'connect',
      address: '::1',
      port: 5433
    },
    Error: connect ECONNREFUSED 127.0.0.1:5433
        at createConnectionError (node:net:1686:14)
        at afterConnectMultiple (node:net:1716:16) {
      errno: -4078,
      code: 'ECONNREFUSED',
      syscall: 'connect',
      address: '127.0.0.1',
      port: 5433
    }
  ]
}
[AutoClose] Error processing exercises for auto-close: AggregateError [ECONNREFUSED]: 
    at C:\Users\Rokhai\CodeInsight-V2\backend\node_modules\pg-pool\index.js:45:11
    at process.processTicksAndRejections (node:internal/process/task_queues:104:5)
    at async processExercisesForAutoClose (C:\Users\Rokhai\CodeInsight-V2\backend\services\autoCloseService.js:40:26)
    at async Job.job (C:\Users\Rokhai\CodeInsight-V2\backend\services\autoCloseService.js:22:7) {
  code: 'ECONNREFUSED',
  [errors]: [
    Error: connect ECONNREFUSED ::1:5433
        at createConnectionError (node:net:1686:14)
        at afterConnectMultiple (node:net:1716:16) {
      errno: -4078,
      code: 'ECONNREFUSED',
      syscall: 'connect',
      address: '::1',
      port: 5433
    },
    Error: connect ECONNREFUSED 127.0.0.1:5433
        at createConnectionError (node:net:1686:14)
        at afterConnectMultiple (node:net:1716:16) {
      errno: -4078,
      code: 'ECONNREFUSED',
      syscall: 'connect',
      address: '127.0.0.1',
      port: 5433
    }
  ]
}
[AutoClose] Error processing exercises for auto-close: AggregateError [ECONNREFUSED]: 
    at C:\Users\Rokhai\CodeInsight-V2\backend\node_modules\pg-pool\index.js:45:11
    at process.processTicksAndRejections (node:internal/process/task_queues:104:5)
    at async processExercisesForAutoClose (C:\Users\Rokhai\CodeInsight-V2\backend\services\autoCloseService.js:40:26)
    at async Job.job (C:\Users\Rokhai\CodeInsight-V2\backend\services\autoCloseService.js:22:7) {
  code: 'ECONNREFUSED',
  [errors]: [
    Error: connect ECONNREFUSED ::1:5433
        at createConnectionError (node:net:1686:14)
        at afterConnectMultiple (node:net:1716:16) {
      errno: -4078,
      code: 'ECONNREFUSED',
      syscall: 'connect',
      address: '::1',
      port: 5433
    },
    Error: connect ECONNREFUSED 127.0.0.1:5433
        at createConnectionError (node:net:1686:14)
        at afterConnectMultiple (node:net:1716:16) {
      errno: -4078,
      code: 'ECONNREFUSED',
      syscall: 'connect',
      address: '127.0.0.1',
      port: 5433
    }
  ]
}
[AutoClose] Error processing exercises for auto-close: AggregateError [ECONNREFUSED]: 
    at C:\Users\Rokhai\CodeInsight-V2\backend\node_modules\pg-pool\index.js:45:11
    at process.processTicksAndRejections (node:internal/process/task_queues:104:5)
    at async processExercisesForAutoClose (C:\Users\Rokhai\CodeInsight-V2\backend\services\autoCloseService.js:40:26)
    at async Job.job (C:\Users\Rokhai\CodeInsight-V2\backend\services\autoCloseService.js:22:7) {
  code: 'ECONNREFUSED',
  [errors]: [
    Error: connect ECONNREFUSED ::1:5433
        at createConnectionError (node:net:1686:14)
        at afterConnectMultiple (node:net:1716:16) {
      errno: -4078,
      code: 'ECONNREFUSED',
      syscall: 'connect',
      address: '::1',
      port: 5433
    },
    Error: connect ECONNREFUSED 127.0.0.1:5433
        at createConnectionError (node:net:1686:14)
        at afterConnectMultiple (node:net:1716:16) {
      errno: -4078,
      code: 'ECONNREFUSED',
      syscall: 'connect',
      address: '127.0.0.1',
      port: 5433
    }
  ]
}
[AutoClose] Error processing exercises for auto-close: AggregateError [ECONNREFUSED]: 
    at C:\Users\Rokhai\CodeInsight-V2\backend\node_modules\pg-pool\index.js:45:11
    at process.processTicksAndRejections (node:internal/process/task_queues:104:5)
    at async processExercisesForAutoClose (C:\Users\Rokhai\CodeInsight-V2\backend\services\autoCloseService.js:40:26)
    at async Job.job (C:\Users\Rokhai\CodeInsight-V2\backend\services\autoCloseService.js:22:7) {
  code: 'ECONNREFUSED',
  [errors]: [
    Error: connect ECONNREFUSED ::1:5433
        at createConnectionError (node:net:1686:14)
        at afterConnectMultiple (node:net:1716:16) {
      errno: -4078,
      code: 'ECONNREFUSED',
      syscall: 'connect',
      address: '::1',
      port: 5433
    },
    Error: connect ECONNREFUSED 127.0.0.1:5433
        at createConnectionError (node:net:1686:14)
        at afterConnectMultiple (node:net:1716:16) {
      errno: -4078,
      code: 'ECONNREFUSED',
      syscall: 'connect',
      address: '127.0.0.1',
      port: 5433
    }
  ]
}
[AutoClose] Error processing exercises for auto-close: AggregateError [ECONNREFUSED]: 
    at C:\Users\Rokhai\CodeInsight-V2\backend\node_modules\pg-pool\index.js:45:11
    at process.processTicksAndRejections (node:internal/process/task_queues:104:5)
    at async processExercisesForAutoClose (C:\Users\Rokhai\CodeInsight-V2\backend\services\autoCloseService.js:40:26)
    at async Job.job (C:\Users\Rokhai\CodeInsight-V2\backend\services\autoCloseService.js:22:7) {
  code: 'ECONNREFUSED',
  [errors]: [
    Error: connect ECONNREFUSED ::1:5433
        at createConnectionError (node:net:1686:14)
        at afterConnectMultiple (node:net:1716:16) {
      errno: -4078,
      code: 'ECONNREFUSED',
      syscall: 'connect',
      address: '::1',
      port: 5433
    },
    Error: connect ECONNREFUSED 127.0.0.1:5433
        at createConnectionError (node:net:1686:14)
        at afterConnectMultiple (node:net:1716:16) {
      errno: -4078,
      code: 'ECONNREFUSED',
      syscall: 'connect',
      address: '127.0.0.1',
      port: 5433
    }
  ]
}
[AutoClose] Error processing exercises for auto-close: AggregateError [ECONNREFUSED]: 
    at C:\Users\Rokhai\CodeInsight-V2\backend\node_modules\pg-pool\index.js:45:11
    at process.processTicksAndRejections (node:internal/process/task_queues:104:5)
    at async processExercisesForAutoClose (C:\Users\Rokhai\CodeInsight-V2\backend\services\autoCloseService.js:40:26)
    at async Job.job (C:\Users\Rokhai\CodeInsight-V2\backend\services\autoCloseService.js:22:7) {
  code: 'ECONNREFUSED',
  [errors]: [
    Error: connect ECONNREFUSED ::1:5433
        at createConnectionError (node:net:1686:14)
        at afterConnectMultiple (node:net:1716:16) {
      errno: -4078,
      code: 'ECONNREFUSED',
      syscall: 'connect',
      address: '::1',
      port: 5433
    },
    Error: connect ECONNREFUSED 127.0.0.1:5433
        at createConnectionError (node:net:1686:14)
        at afterConnectMultiple (node:net:1716:16) {
      errno: -4078,
      code: 'ECONNREFUSED',
      syscall: 'connect',
      address: '127.0.0.1',
      port: 5433
    }
  ]
}
[AutoClose] Error processing exercises for auto-close: AggregateError [ECONNREFUSED]: 
    at C:\Users\Rokhai\CodeInsight-V2\backend\node_modules\pg-pool\index.js:45:11
    at process.processTicksAndRejections (node:internal/process/task_queues:104:5)
    at async processExercisesForAutoClose (C:\Users\Rokhai\CodeInsight-V2\backend\services\autoCloseService.js:40:26)
    at async Job.job (C:\Users\Rokhai\CodeInsight-V2\backend\services\autoCloseService.js:22:7) {
  code: 'ECONNREFUSED',
  [errors]: [
    Error: connect ECONNREFUSED ::1:5433
        at createConnectionError (node:net:1686:14)
        at afterConnectMultiple (node:net:1716:16) {
      errno: -4078,
      code: 'ECONNREFUSED',
      syscall: 'connect',
      address: '::1',
      port: 5433
    },
    Error: connect ECONNREFUSED 127.0.0.1:5433
        at createConnectionError (node:net:1686:14)
        at afterConnectMultiple (node:net:1716:16) {
      errno: -4078,
      code: 'ECONNREFUSED',
      syscall: 'connect',
      address: '127.0.0.1',
      port: 5433
    }
  ]
}
[AutoClose] Error processing exercises for auto-close: AggregateError [ECONNREFUSED]: 
    at C:\Users\Rokhai\CodeInsight-V2\backend\node_modules\pg-pool\index.js:45:11
    at process.processTicksAndRejections (node:internal/process/task_queues:104:5)
    at async processExercisesForAutoClose (C:\Users\Rokhai\CodeInsight-V2\backend\services\autoCloseService.js:40:26)
    at async Job.job (C:\Users\Rokhai\CodeInsight-V2\backend\services\autoCloseService.js:22:7) {
  code: 'ECONNREFUSED',
  [errors]: [
    Error: connect ECONNREFUSED ::1:5433
        at createConnectionError (node:net:1686:14)
        at afterConnectMultiple (node:net:1716:16) {
      errno: -4078,
      code: 'ECONNREFUSED',
      syscall: 'connect',
      address: '::1',
      port: 5433
    },
    Error: connect ECONNREFUSED 127.0.0.1:5433
        at createConnectionError (node:net:1686:14)
        at afterConnectMultiple (node:net:1716:16) {
      errno: -4078,
      code: 'ECONNREFUSED',
      syscall: 'connect',
      address: '127.0.0.1',
      port: 5433
    }
  ]
}
[AutoClose] Error processing exercises for auto-close: AggregateError [ECONNREFUSED]: 
    at C:\Users\Rokhai\CodeInsight-V2\backend\node_modules\pg-pool\index.js:45:11
    at process.processTicksAndRejections (node:internal/process/task_queues:104:5)
    at async processExercisesForAutoClose (C:\Users\Rokhai\CodeInsight-V2\backend\services\autoCloseService.js:40:26)
    at async Job.job (C:\Users\Rokhai\CodeInsight-V2\backend\services\autoCloseService.js:22:7) {
  code: 'ECONNREFUSED',
  [errors]: [
    Error: connect ECONNREFUSED ::1:5433
        at createConnectionError (node:net:1686:14)
        at afterConnectMultiple (node:net:1716:16) {
      errno: -4078,
      code: 'ECONNREFUSED',
      syscall: 'connect',
      address: '::1',
      port: 5433
    },
    Error: connect ECONNREFUSED 127.0.0.1:5433
        at createConnectionError (node:net:1686:14)
        at afterConnectMultiple (node:net:1716:16) {
      errno: -4078,
      code: 'ECONNREFUSED',
      syscall: 'connect',
      address: '127.0.0.1',
      port: 5433
    }
  ]
}
[AutoClose] Error processing exercises for auto-close: AggregateError [ECONNREFUSED]: 
    at C:\Users\Rokhai\CodeInsight-V2\backend\node_modules\pg-pool\index.js:45:11
    at process.processTicksAndRejections (node:internal/process/task_queues:104:5)
    at async processExercisesForAutoClose (C:\Users\Rokhai\CodeInsight-V2\backend\services\autoCloseService.js:40:26)
    at async Job.job (C:\Users\Rokhai\CodeInsight-V2\backend\services\autoCloseService.js:22:7) {
  code: 'ECONNREFUSED',
  [errors]: [
    Error: connect ECONNREFUSED ::1:5433
        at createConnectionError (node:net:1686:14)
        at afterConnectMultiple (node:net:1716:16) {
      errno: -4078,
      code: 'ECONNREFUSED',
      syscall: 'connect',
      address: '::1',
      port: 5433
    },
    Error: connect ECONNREFUSED 127.0.0.1:5433
        at createConnectionError (node:net:1686:14)
        at afterConnectMultiple (node:net:1716:16) {
      errno: -4078,
      code: 'ECONNREFUSED',
      syscall: 'connect',
      address: '127.0.0.1',
      port: 5433
    }
  ]
}
[AutoClose] Error processing exercises for auto-close: AggregateError [ECONNREFUSED]: 
    at C:\Users\Rokhai\CodeInsight-V2\backend\node_modules\pg-pool\index.js:45:11
    at process.processTicksAndRejections (node:internal/process/task_queues:104:5)
    at async processExercisesForAutoClose (C:\Users\Rokhai\CodeInsight-V2\backend\services\autoCloseService.js:40:26)
    at async Job.job (C:\Users\Rokhai\CodeInsight-V2\backend\services\autoCloseService.js:22:7) {
  code: 'ECONNREFUSED',
  [errors]: [
    Error: connect ECONNREFUSED ::1:5433
        at createConnectionError (node:net:1686:14)
        at afterConnectMultiple (node:net:1716:16) {
      errno: -4078,
      code: 'ECONNREFUSED',
      syscall: 'connect',
      address: '::1',
      port: 5433
    },
    Error: connect ECONNREFUSED 127.0.0.1:5433
        at createConnectionError (node:net:1686:14)
        at afterConnectMultiple (node:net:1716:16) {
      errno: -4078,
      code: 'ECONNREFUSED',
      syscall: 'connect',
      address: '127.0.0.1',
      port: 5433
    }
  ]
}
[AutoClose] Error processing exercises for auto-close: AggregateError [ECONNREFUSED]: 
    at C:\Users\Rokhai\CodeInsight-V2\backend\node_modules\pg-pool\index.js:45:11
    at process.processTicksAndRejections (node:internal/process/task_queues:104:5)
    at async processExercisesForAutoClose (C:\Users\Rokhai\CodeInsight-V2\backend\services\autoCloseService.js:40:26)
    at async Job.job (C:\Users\Rokhai\CodeInsight-V2\backend\services\autoCloseService.js:22:7) {
  code: 'ECONNREFUSED',
  [errors]: [
    Error: connect ECONNREFUSED ::1:5433
        at createConnectionError (node:net:1686:14)
        at afterConnectMultiple (node:net:1716:16) {
      errno: -4078,
      code: 'ECONNREFUSED',
      syscall: 'connect',
      address: '::1',
      port: 5433
    },
    Error: connect ECONNREFUSED 127.0.0.1:5433
        at createConnectionError (node:net:1686:14)
        at afterConnectMultiple (node:net:1716:16) {
      errno: -4078,
      code: 'ECONNREFUSED',
      syscall: 'connect',
      address: '127.0.0.1',
      port: 5433
    }
  ]
}
[AutoClose] Error processing exercises for auto-close: AggregateError [ECONNREFUSED]: 
    at C:\Users\Rokhai\CodeInsight-V2\backend\node_modules\pg-pool\index.js:45:11
    at process.processTicksAndRejections (node:internal/process/task_queues:104:5)
    at async processExercisesForAutoClose (C:\Users\Rokhai\CodeInsight-V2\backend\services\autoCloseService.js:40:26)
    at async Job.job (C:\Users\Rokhai\CodeInsight-V2\backend\services\autoCloseService.js:22:7) {
  code: 'ECONNREFUSED',
  [errors]: [
    Error: connect ECONNREFUSED ::1:5433
        at createConnectionError (node:net:1686:14)
        at afterConnectMultiple (node:net:1716:16) {
      errno: -4078,
      code: 'ECONNREFUSED',
      syscall: 'connect',
      address: '::1',
      port: 5433
    },
    Error: connect ECONNREFUSED 127.0.0.1:5433
        at createConnectionError (node:net:1686:14)
        at afterConnectMultiple (node:net:1716:16) {
      errno: -4078,
      code: 'ECONNREFUSED',
      syscall: 'connect',
      address: '127.0.0.1',
      port: 5433
    }
  ]
}
[AutoClose] Error processing exercises for auto-close: AggregateError [ECONNREFUSED]: 
    at C:\Users\Rokhai\CodeInsight-V2\backend\node_modules\pg-pool\index.js:45:11
    at process.processTicksAndRejections (node:internal/process/task_queues:104:5)
    at async processExercisesForAutoClose (C:\Users\Rokhai\CodeInsight-V2\backend\services\autoCloseService.js:40:26)
    at async Job.job (C:\Users\Rokhai\CodeInsight-V2\backend\services\autoCloseService.js:22:7) {
  code: 'ECONNREFUSED',
  [errors]: [
    Error: connect ECONNREFUSED ::1:5433
        at createConnectionError (node:net:1686:14)
        at afterConnectMultiple (node:net:1716:16) {
      errno: -4078,
      code: 'ECONNREFUSED',
      syscall: 'connect',
      address: '::1',
      port: 5433
    },
    Error: connect ECONNREFUSED 127.0.0.1:5433
        at createConnectionError (node:net:1686:14)
        at afterConnectMultiple (node:net:1716:16) {
      errno: -4078,
      code: 'ECONNREFUSED',
      syscall: 'connect',
      address: '127.0.0.1',
      port: 5433
    }
  ]
}
[AutoClose] Error processing exercises for auto-close: AggregateError [ECONNREFUSED]: 
    at C:\Users\Rokhai\CodeInsight-V2\backend\node_modules\pg-pool\index.js:45:11
    at process.processTicksAndRejections (node:internal/process/task_queues:104:5)
    at async processExercisesForAutoClose (C:\Users\Rokhai\CodeInsight-V2\backend\services\autoCloseService.js:40:26)
    at async Job.job (C:\Users\Rokhai\CodeInsight-V2\backend\services\autoCloseService.js:22:7) {
  code: 'ECONNREFUSED',
  [errors]: [
    Error: connect ECONNREFUSED ::1:5433
        at createConnectionError (node:net:1686:14)
        at afterConnectMultiple (node:net:1716:16) {
      errno: -4078,
      code: 'ECONNREFUSED',
      syscall: 'connect',
      address: '::1',
      port: 5433
    },
    Error: connect ECONNREFUSED 127.0.0.1:5433
        at createConnectionError (node:net:1686:14)
        at afterConnectMultiple (node:net:1716:16) {
      errno: -4078,
      code: 'ECONNREFUSED',
      syscall: 'connect',
      address: '127.0.0.1',
      port: 5433
    }
  ]
}
[AutoClose] Error processing exercises for auto-close: AggregateError [ECONNREFUSED]: 
    at C:\Users\Rokhai\CodeInsight-V2\backend\node_modules\pg-pool\index.js:45:11
    at process.processTicksAndRejections (node:internal/process/task_queues:104:5)
    at async processExercisesForAutoClose (C:\Users\Rokhai\CodeInsight-V2\backend\services\autoCloseService.js:40:26)
    at async Job.job (C:\Users\Rokhai\CodeInsight-V2\backend\services\autoCloseService.js:22:7) {
  code: 'ECONNREFUSED',
  [errors]: [
    Error: connect ECONNREFUSED ::1:5433
        at createConnectionError (node:net:1686:14)
        at afterConnectMultiple (node:net:1716:16) {
      errno: -4078,
      code: 'ECONNREFUSED',
      syscall: 'connect',
      address: '::1',
      port: 5433
    },
    Error: connect ECONNREFUSED 127.0.0.1:5433
        at createConnectionError (node:net:1686:14)
        at afterConnectMultiple (node:net:1716:16) {
      errno: -4078,
      code: 'ECONNREFUSED',
      syscall: 'connect',
      address: '127.0.0.1',
      port: 5433
    }
  ]
}
[AutoClose] Error processing exercises for auto-close: AggregateError [ECONNREFUSED]: 
    at C:\Users\Rokhai\CodeInsight-V2\backend\node_modules\pg-pool\index.js:45:11
    at process.processTicksAndRejections (node:internal/process/task_queues:104:5)
    at async processExercisesForAutoClose (C:\Users\Rokhai\CodeInsight-V2\backend\services\autoCloseService.js:40:26)
    at async Job.job (C:\Users\Rokhai\CodeInsight-V2\backend\services\autoCloseService.js:22:7) {
  code: 'ECONNREFUSED',
  [errors]: [
    Error: connect ECONNREFUSED ::1:5433
        at createConnectionError (node:net:1686:14)
        at afterConnectMultiple (node:net:1716:16) {
      errno: -4078,
      code: 'ECONNREFUSED',
      syscall: 'connect',
      address: '::1',
      port: 5433
    },
    Error: connect ECONNREFUSED 127.0.0.1:5433
        at createConnectionError (node:net:1686:14)
        at afterConnectMultiple (node:net:1716:16) {
      errno: -4078,
      code: 'ECONNREFUSED',
      syscall: 'connect',
      address: '127.0.0.1',
      port: 5433
    }
  ]
}
[AutoClose] Error processing exercises for auto-close: AggregateError [ECONNREFUSED]: 
    at C:\Users\Rokhai\CodeInsight-V2\backend\node_modules\pg-pool\index.js:45:11
    at process.processTicksAndRejections (node:internal/process/task_queues:104:5)
    at async processExercisesForAutoClose (C:\Users\Rokhai\CodeInsight-V2\backend\services\autoCloseService.js:40:26)
    at async Job.job (C:\Users\Rokhai\CodeInsight-V2\backend\services\autoCloseService.js:22:7) {
  code: 'ECONNREFUSED',
  [errors]: [
    Error: connect ECONNREFUSED ::1:5433
        at createConnectionError (node:net:1686:14)
        at afterConnectMultiple (node:net:1716:16) {
      errno: -4078,
      code: 'ECONNREFUSED',
      syscall: 'connect',
      address: '::1',
      port: 5433
    },
    Error: connect ECONNREFUSED 127.0.0.1:5433
        at createConnectionError (node:net:1686:14)
        at afterConnectMultiple (node:net:1716:16) {
      errno: -4078,
      code: 'ECONNREFUSED',
      syscall: 'connect',
      address: '127.0.0.1',
      port: 5433
    }
  ]
}
[AutoClose] Error processing exercises for auto-close: AggregateError [ECONNREFUSED]: 
    at C:\Users\Rokhai\CodeInsight-V2\backend\node_modules\pg-pool\index.js:45:11
    at process.processTicksAndRejections (node:internal/process/task_queues:104:5)
    at async processExercisesForAutoClose (C:\Users\Rokhai\CodeInsight-V2\backend\services\autoCloseService.js:40:26)
    at async Job.job (C:\Users\Rokhai\CodeInsight-V2\backend\services\autoCloseService.js:22:7) {
  code: 'ECONNREFUSED',
  [errors]: [
    Error: connect ECONNREFUSED ::1:5433
        at createConnectionError (node:net:1686:14)
        at afterConnectMultiple (node:net:1716:16) {
      errno: -4078,
      code: 'ECONNREFUSED',
      syscall: 'connect',
      address: '::1',
      port: 5433
    },
    Error: connect ECONNREFUSED 127.0.0.1:5433
        at createConnectionError (node:net:1686:14)
        at afterConnectMultiple (node:net:1716:16) {
      errno: -4078,
      code: 'ECONNREFUSED',
      syscall: 'connect',
      address: '127.0.0.1',
      port: 5433
    }
  ]
}
[AutoClose] Error processing exercises for auto-close: AggregateError [ECONNREFUSED]: 
    at C:\Users\Rokhai\CodeInsight-V2\backend\node_modules\pg-pool\index.js:45:11
    at process.processTicksAndRejections (node:internal/process/task_queues:104:5)
    at async processExercisesForAutoClose (C:\Users\Rokhai\CodeInsight-V2\backend\services\autoCloseService.js:40:26)
    at async Job.job (C:\Users\Rokhai\CodeInsight-V2\backend\services\autoCloseService.js:22:7) {
  code: 'ECONNREFUSED',
  [errors]: [
    Error: connect ECONNREFUSED ::1:5433
        at createConnectionError (node:net:1686:14)
        at afterConnectMultiple (node:net:1716:16) {
      errno: -4078,
      code: 'ECONNREFUSED',
      syscall: 'connect',
      address: '::1',
      port: 5433
    },
    Error: connect ECONNREFUSED 127.0.0.1:5433
        at createConnectionError (node:net:1686:14)
        at afterConnectMultiple (node:net:1716:16) {
      errno: -4078,
      code: 'ECONNREFUSED',
      syscall: 'connect',
      address: '127.0.0.1',
      port: 5433
    }
  ]
}
